{"start":{"line":12,"character":0},"end":{"line":20,"character":0}}