{"start":{"line":4,"character":10},"end":{"line":4,"character":25}}