{"start":{"line":4,"character":0},"end":{"line":4,"character":15}}