{"start":{"line":37,"character":4},"end":{"line":37,"character":37}}