{"id":"324","result":{"contents":[{"left":"**Description**\r\n```\r\nTest function to show current package works\r\n\r\n```\r\n**Param**\r\n```\r\ns: string parameter\r\nsd: int parameter\r\n\r\n```\r\n**Return**\r\n```\r\nreturn an int\r\n\r\n```\r\n"}]},"jsonrpc":"2.0"}