{"start":{"line":2,"character":0},"end":{"line":2,"character":15}}