{"start":{"line":46,"character":4},"end":{"line":46,"character":29}}