{"start":{"line":10,"character":0},"end":{"line":12,"character":0}}