{"start":{"line":50,"character":7},"end":{"line":50,"character":43}}