{"start":{"line":39,"character":14},"end":{"line":39,"character":17}}