{"start":{"line":10,"character":0},"end":{"line":18,"character":0}}