{"start":{"line":35,"character":4},"end":{"line":35,"character":37}}