{"start":{"line":2,"character":0},"end":{"line":6,"character":0}}