{"start":{"line":4,"character":0},"end":{"line":8,"character":0}}