{"id":"324","result":[{"uri":"references1.bal","range":{"start":{"line":16,"character":22},"end":{"line":16,"character":35}}},{"uri":"references2.bal","range":{"start":{"line":2,"character":0},"end":{"line":4,"character":0}}}],"jsonrpc":"2.0"}
