{"id":"324","result":[{"uri":"references1.bal","range":{"start":{"line":10,"character":0},"end":{"line":12,"character":0}}},{"uri":"references1.bal","range":{"start":{"line":15,"character":5},"end":{"line":15,"character":18}}}],"jsonrpc":"2.0"}
