{"id":"324","result":[{"uri":"references2.bal","range":{"start":{"line":0,"character":10},"end":{"line":0,"character":21}}},{"uri":"references2.bal","range":{"start":{"line":3,"character":13},"end":{"line":3,"character":17}}}],"jsonrpc":"2.0"}
