{"id":"324","result":[{"uri":"references1.bal","range":{"start":{"line":18,"character":5},"end":{"line":21,"character":6}}},{"uri":"references1.bal","range":{"start":{"line":23,"character":23},"end":{"line":23,"character":27}}},{"uri":"references1.bal","range":{"start":{"line":24,"character":12},"end":{"line":24,"character":16}}}],"jsonrpc":"2.0"}
