{"id":"324","result":[{"uri":"references1.bal","range":{"start":{"line":5,"character":0},"end":{"line":8,"character":1}}},{"uri":"references1.bal","range":{"start":{"line":14,"character":29},"end":{"line":14,"character":33}}},{"uri":"references1.bal","range":{"start":{"line":18,"character":5},"end":{"line":18,"character":9}}}],"jsonrpc":"2.0"}